0
+1: 
-1: Lorem ipsum dolor sit amet consectetuer porta eu nulla eu Nullam.
+2: Lorem ipsum dolor sit amet consectetuer porta eu nulla eu Nullam. Vivamus Nulla elit justo lacinia Nulla ornare volutpat mauris elit fringilla.
-2: Vivamus Nulla elit justo lacinia Nulla ornare volutpat mauris elit fringilla.
+3: 
-3: Quis nisl montes tortor justo sagittis ac ligula urna porttitor egestas.
+4: Quis nisl montes tortor justo sagittis ac ligula urna porttitor egestas. Porttitor est at ut Cras odio nulla pretium consectetuer nec gravida.
-4: Porttitor est at ut Cras odio nulla pretium consectetuer nec gravida.
+5: 
