0
-1: alfa
bravo
charlie
delta
echo
foxtrot
golf
hotel
+1: alfa bravo cola
echo firework hotel
