0
-1: # This is a correct file for the fourth test
-2/+1: +[68]# +[72]And +[77]they +[81]say +[86]this +[92]looks +[97]like +[106]latin...
+4:  # Hey, lets make this a full line comment ...
-6/+6: [62]hence != [60]so -[78]our -[87]business
