0
-1: # This is a correct file for the fourth test
-2/+1: +[67]# +[69]And +[73]they +[78]say +[82]this +[87]looks +[93]like +[98]latin...
+4:  # Hey, lets make this a full line comment ...
-6/+6: [57]hence != [58]so -[75]our -[79]business
