0
-2: followed by numeric tokens 42 1000000000 +54 -19 0012
+2: followed by numeric tokens 42 +1000000000 0054 -19.0 12
-3: and some float tokens 1.0 1.1 0.001 -0.0002 0.00003
+3: and some float tokens +1.0 1.100 1e-03 -0.0002 0.000031
-4: 0
+4: 0.00
