0
-1/+1: [13]dolor != [13]DoLoR
-2/+2: [34]Nulla != [34]nulla
-4/+4: [15]at != [15]AT
