0
-1/+1: +[28]porta -[41]porta
-5: Donec odio nibh non velit Quisque hendrerit urna.
+5: Donec hendrerit nibh non odio Quisque urna. velit
